[html.rometheme.net/reboost/index.html]
[html.rometheme.net/reboost/image/icon.png]
[html.rometheme.net/reboost/css/style.css]
[cdnjs.cloudflare.com/ajax/libs/animate.css/3.7.0/animate.min.css]
[backblue.gif]
[fade.gif]
[index.html]
[cdn.jsdelivr.net/gh/shishirraven/animate-on-scroll@v1.2/animation_utility.css]
[html.rometheme.net/reboost/image/site logo.png]
[html.rometheme.net/reboost/index-2.html]
[html.rometheme.net/reboost/about-us.html]
[html.rometheme.net/reboost/services.html]
[html.rometheme.net/reboost/services-detail.html]
[html.rometheme.net/reboost/portofolio.html]
[html.rometheme.net/reboost/portofolio-detail.html]
[html.rometheme.net/reboost/team.html]
[html.rometheme.net/reboost/pricing-plan.html]
[html.rometheme.net/reboost/faqs.html]
[html.rometheme.net/reboost/404.html]
[html.rometheme.net/reboost/blog.html]
[html.rometheme.net/reboost/single-post.html]
[html.rometheme.net/reboost/contact-us.html]
[html.rometheme.net/reboost/image/img 26.webp]
[html.rometheme.net/reboost/image/img 27.webp]
[html.rometheme.net/reboost/image/img 28.webp]
[html.rometheme.net/reboost/image/img 29.webp]
[html.rometheme.net/reboost/image/icon 2.png]
[html.rometheme.net/reboost/image/partner black 1.png]
[html.rometheme.net/reboost/image/partner black 2.png]
[html.rometheme.net/reboost/image/partner black 3.png]
[html.rometheme.net/reboost/image/partner black 4.png]
[html.rometheme.net/reboost/image/partner black 5.png]
[html.rometheme.net/reboost/image/partner black 6.png]
[html.rometheme.net/reboost/image/partner black 7.png]
[html.rometheme.net/reboost/image/partner white 1.png]
[html.rometheme.net/reboost/image/partner white 2.png]
[html.rometheme.net/reboost/image/partner white 3.png]
[html.rometheme.net/reboost/image/partner white 4.png]
[html.rometheme.net/reboost/image/partner white 5.png]
[html.rometheme.net/reboost/image/partner white 6.png]
[html.rometheme.net/reboost/image/partner white 7.png]
[html.rometheme.net/reboost/image/img 2.webp]
[html.rometheme.net/reboost/image/reviewer 1.webp]
[html.rometheme.net/reboost/image/reviewer 3.webp]
[html.rometheme.net/reboost/image/reviewer 2.webp]
[html.rometheme.net/reboost/image/img 3.webp]
[html.rometheme.net/reboost/image/img 4.webp]
[html.rometheme.net/reboost/image/img 5.webp]
[html.rometheme.net/reboost/image/img 6.webp]
[html.rometheme.net/reboost/image/img 7.png]
[html.rometheme.net/reboost/image/img 8.webp]
[html.rometheme.net/reboost/image/LANYARD-A.jpg]
[html.rometheme.net/reboost/image/Business_Card_Mockup.jpg]
[html.rometheme.net/reboost/image/ID-Card-Mockup-Potrait.jpg]
[html.rometheme.net/reboost/image/Shoe-Box-Mock-Up-Potrait.jpg]
[html.rometheme.net/reboost/image/Psd-2.jpg]
[html.rometheme.net/reboost/image/img 14.webp]
[html.rometheme.net/reboost/image/img 15.webp]
[html.rometheme.net/reboost/image/icon 3.png]
[html.rometheme.net/reboost/image/icon 4.png]
[html.rometheme.net/reboost/image/icon 5.png]
[html.rometheme.net/reboost/image/img 16.webp]
[html.rometheme.net/reboost/image/icon 10.png]
[html.rometheme.net/reboost/image/img 17.webp]
[html.rometheme.net/reboost/image/img 18.webp]
[html.rometheme.net/reboost/image/img 19.webp]
[html.rometheme.net/reboost/image/img 20.webp]
[html.rometheme.net/reboost/image/icon 11.png]
[html.rometheme.net/reboost/image/logo-footer.png]
[html.rometheme.net/reboost/js/vendor/bootstrap.bundle.min.js]
[html.rometheme.net/reboost/js/vendor/jquery.min.js]
[html.rometheme.net/reboost/js/vendor/swiper-bundle.min.js]
[html.rometheme.net/reboost/js/script.js]
[html.rometheme.net/reboost/js/swiper-script.js]
[html.rometheme.net/reboost/js/submit-form.js]
[html.rometheme.net/reboost/js/vendor/isotope.pkgd.min.js]
[html.rometheme.net/reboost/js/video_embedded.js]
[html.rometheme.net/reboost/js/vendor/fslightbox.js]
[html.rometheme.net/reboost/index.html]
[cdn.jsdelivr.net/gh/shishirraven/animate-on-scroll@v1.0/oyethemes_onscroll_animation.js]
[html.rometheme.net/reboost/css/vendor/bootstrap.min.css]
[html.rometheme.net/reboost/css/vendor/fontawesome.css]
[html.rometheme.net/reboost/css/vendor/brands.css]
[html.rometheme.net/reboost/css/vendor/regular.css]
[html.rometheme.net/reboost/css/vendor/solid.css]
[html.rometheme.net/reboost/css/vendor/swiper-bundle.min.css]
[html.rometheme.net/reboost/css/vendor/rtmicons.css]
[html.rometheme.net/reboost/css/vendor/poppins/stylesheet.css]
[html.rometheme.net/reboost/css/vendor/space-grotesk/stylesheet.css]
[html.rometheme.net/reboost/css/style.css]
[cdnjs.cloudflare.com/ajax/libs/animate.css/3.7.0/animate.min.css]
[cdn.jsdelivr.net/gh/shishirraven/animate-on-scroll@v1.2/animation_utility.css]
[html.rometheme.net/reboost/index-2.html]
[html.rometheme.net/reboost/image/icon 6.png]
[html.rometheme.net/reboost/image/icon 7.png]
[html.rometheme.net/reboost/image/icon 8.png]
[html.rometheme.net/reboost/image/img 23.webp]
[html.rometheme.net/reboost/image/Team 1.png]
[html.rometheme.net/reboost/image/Team 2.png]
[html.rometheme.net/reboost/image/Team 3.png]
[html.rometheme.net/reboost/image/Team 4.png]
[html.rometheme.net/reboost/image/img 24.webp]
[html.rometheme.net/reboost/image/img 25.webp]
[html.rometheme.net/reboost/image/certificate 1.png]
[html.rometheme.net/reboost/image/certificate 2.png]
[html.rometheme.net/reboost/about-us.html]
[html.rometheme.net/reboost/services.html]
[html.rometheme.net/reboost/services-detail.html]
[html.rometheme.net/reboost/image/LANYARD-B.jpg]
[html.rometheme.net/reboost/image/Psd-4.jpg]
[html.rometheme.net/reboost/image/Psd-1.jpg]
[html.rometheme.net/reboost/image/Psd-1-Recovered.jpg]
[html.rometheme.net/reboost/portofolio.html]
[html.rometheme.net/reboost/image/portofolio-details.png]
[html.rometheme.net/reboost/portofolio-detail.html]
[html.rometheme.net/reboost/image/Team 5.png]
[html.rometheme.net/reboost/image/Team 6.png]
[html.rometheme.net/reboost/image/Team 7.png]
[html.rometheme.net/reboost/image/Team.png]
[html.rometheme.net/reboost/team.html]
[html.rometheme.net/reboost/pricing-plan.html]
[html.rometheme.net/reboost/faqs.html]
[html.rometheme.net/reboost/image/icon 13.png]
[html.rometheme.net/reboost/404.html]
[html.rometheme.net/reboost/blog.html]
[html.rometheme.net/reboost/single-post.html]
[html.rometheme.net/reboost/image/icon 12.png]
[html.rometheme.net/reboost/contact-us.html]
[html.rometheme.net/reboost/properties.html]
[html.rometheme.net/reboost/about.html]
[html.rometheme.net/reboost/css/vendor/index.html]
[html.rometheme.net/reboost/css/vendor/bootstrap.min.css]
[html.rometheme.net/reboost/css/vendor/fontawesome.css]
[html.rometheme.net/reboost/font/fa-brands-400.woff2]
[kit.fontawesome.com/a6df7668b8.js]
[html.rometheme.net/reboost/css/vendor/brands.css]
[html.rometheme.net/reboost/font/fa-brands-400.ttf]
[html.rometheme.net/reboost/font/fa-regular-400.woff2]
[html.rometheme.net/reboost/css/vendor/regular.css]
[html.rometheme.net/reboost/font/fa-regular-400.ttf]
[html.rometheme.net/reboost/font/fa-solid-900.woff2]
[html.rometheme.net/reboost/css/vendor/solid.css]
[html.rometheme.net/reboost/css/vendor/swiper-bundle.min.css]
[html.rometheme.net/reboost/font/fa-solid-900.ttf]
[html.rometheme.net/reboost/font/rtmicon/rtmicon1865.eot]
[html.rometheme.net/reboost/font/rtmicon/rtmicon1865.ttf]
[html.rometheme.net/reboost/font/rtmicon/rtmicon1865.woff]
[html.rometheme.net/reboost/css/vendor/rtmicons.css]
[html.rometheme.net/reboost/css/vendor/poppins/Poppins-ExtraBold.woff2]
[html.rometheme.net/reboost/css/vendor/poppins/Poppins-ExtraBold.woff]
[html.rometheme.net/reboost/css/vendor/poppins/Poppins-ExtraLightItalic.woff2]
[html.rometheme.net/reboost/css/vendor/poppins/Poppins-ExtraLightItalic.woff]
[html.rometheme.net/reboost/css/vendor/poppins/Poppins-ExtraLight.woff2]
[html.rometheme.net/reboost/css/vendor/poppins/Poppins-ExtraLight.woff]
[html.rometheme.net/reboost/css/vendor/poppins/Poppins-ExtraBoldItalic.woff2]
[html.rometheme.net/reboost/css/vendor/poppins/Poppins-ExtraBoldItalic.woff]
[html.rometheme.net/reboost/font/rtmicon/rtmicon1865.svg]
[html.rometheme.net/reboost/css/vendor/poppins/Poppins-Light.woff2]
[html.rometheme.net/reboost/css/vendor/poppins/Poppins-Light.woff]
[html.rometheme.net/reboost/css/vendor/poppins/Poppins-Italic.woff2]
[html.rometheme.net/reboost/css/vendor/poppins/Poppins-Italic.woff]
[html.rometheme.net/reboost/css/vendor/poppins/Poppins-Medium.woff2]
[html.rometheme.net/reboost/css/vendor/poppins/Poppins-Medium.woff]
[html.rometheme.net/reboost/css/vendor/poppins/Poppins-LightItalic.woff2]
[html.rometheme.net/reboost/css/vendor/poppins/Poppins-LightItalic.woff]
[html.rometheme.net/reboost/css/vendor/poppins/Poppins-Regular.woff2]
[html.rometheme.net/reboost/css/vendor/poppins/Poppins-Regular.woff]
[html.rometheme.net/reboost/css/vendor/poppins/Poppins-MediumItalic.woff2]
[html.rometheme.net/reboost/css/vendor/poppins/Poppins-MediumItalic.woff]
[html.rometheme.net/reboost/css/vendor/poppins/Poppins-SemiBold.woff2]
[html.rometheme.net/reboost/css/vendor/poppins/Poppins-SemiBold.woff]
[html.rometheme.net/reboost/css/vendor/poppins/Poppins-Thin.woff2]
[html.rometheme.net/reboost/css/vendor/poppins/Poppins-Thin.woff]
[html.rometheme.net/reboost/css/vendor/poppins/Poppins-SemiBoldItalic.woff2]
[html.rometheme.net/reboost/css/vendor/poppins/Poppins-SemiBoldItalic.woff]
[html.rometheme.net/reboost/css/vendor/poppins/Poppins-ThinItalic.woff2]
[html.rometheme.net/reboost/css/vendor/poppins/Poppins-ThinItalic.woff]
[html.rometheme.net/reboost/css/vendor/poppins/Poppins-BlackItalic.woff2]
[html.rometheme.net/reboost/css/vendor/poppins/Poppins-BlackItalic.woff]
[html.rometheme.net/reboost/css/vendor/poppins/Poppins-Black.woff2]
[html.rometheme.net/reboost/css/vendor/poppins/Poppins-Black.woff]
[html.rometheme.net/reboost/css/vendor/poppins/Poppins-BoldItalic.woff2]
[html.rometheme.net/reboost/css/vendor/poppins/Poppins-BoldItalic.woff]
[html.rometheme.net/reboost/css/vendor/poppins/Poppins-Bold.woff2]
[html.rometheme.net/reboost/css/vendor/poppins/Poppins-Bold.woff]
[html.rometheme.net/reboost/css/vendor/poppins/stylesheet.css]
[html.rometheme.net/reboost/css/vendor/space-grotesk/SpaceGrotesk-Bold.woff2]
[html.rometheme.net/reboost/css/vendor/space-grotesk/SpaceGrotesk-Bold.woff]
[html.rometheme.net/reboost/css/vendor/space-grotesk/SpaceGrotesk-Medium.woff2]
[html.rometheme.net/reboost/css/vendor/space-grotesk/SpaceGrotesk-Medium.woff]
[html.rometheme.net/reboost/css/vendor/space-grotesk/SpaceGrotesk-Regular.woff2]
[html.rometheme.net/reboost/css/vendor/space-grotesk/SpaceGrotesk-Regular.woff]
[html.rometheme.net/reboost/css/vendor/space-grotesk/SpaceGrotesk-SemiBold.woff2]
[html.rometheme.net/reboost/css/vendor/space-grotesk/SpaceGrotesk-SemiBold.woff]
[html.rometheme.net/reboost/css/vendor/space-grotesk/SpaceGrotesk-Light.woff2]
[html.rometheme.net/reboost/css/vendor/space-grotesk/SpaceGrotesk-Light.woff]
[html.rometheme.net/reboost/css/vendor/space-grotesk/stylesheet.css]
[html.rometheme.net/reboost/image/brush1.html]
[html.rometheme.net/reboost/image/brush2.html]
[html.rometheme.net/reboost/image/brush3.html]
[html.rometheme.net/reboost/image/brush4.html]
[html.rometheme.net/reboost/image/brush5.html]
[html.rometheme.net/reboost/image/img.html]
[html.rometheme.net/reboost/image/icon.html]
[html.rometheme.net/reboost/image/Image.html]
[raw.githubusercontent.com/himalayasingh/music-player-1/master/img/_1.jpg]
[html.rometheme.net/index.html]
[html.rometheme.net/reboost/font/rtmicon/rtmicon1865.svg]
